../Core/Src/main.c:76:5:main	8	static
../Core/Src/main.c:123:6:SystemClock_Config	72	static
../Core/Src/main.c:162:13:MX_TIM4_Init	64	static
../Core/Src/main.c:220:13:MX_USART2_UART_Init	8	static
../Core/Src/main.c:247:6:start_data_reception	4	static
../Core/Src/main.c:253:6:stop_data_reception	8	static
../Core/Src/main.c:268:13:MX_DMA_Init	16	static
../Core/Src/main.c:280:6:handle_UART_data	16	static
../Core/Src/main.c:312:13:MX_GPIO_Init	40	static
../Core/Src/main.c:346:6:Error_Handler	4	static,ignoring_inline_asm
